d8t_install_base_vrsn_lbl_ml.ins.sql
d8t_install_base_item_sts_ml.ins.sql
d8t_cfs_extended_attribute_ml.ins.sql
d8t_cfs_attribute_value_ml.ins.sql
d8t_install_base_item_hist_ml.ins.sql
d8_install_base_vrsn_lbl_ld.ins.sql
d8_install_base_vrsn_lbl_01.ins.sql
d8_install_base_vrsn_lbl_02.ins.sql
d8_install_base_vrsn_lbl_03.ins.sql
d8_install_base_vrsn_lbl_04.upd.sql
d8_install_base_vrsn_lbl_05.ins.sql
d8_install_base_vrsn_lbl_06.ins.sql
d8_install_base_vrsn_lbl_07.ins.sql
d8_install_base_item_sts_ld.ins.sql
d8_install_base_item_sts_01.ins.sql
d8_install_base_item_sts_02.ins.sql
d8_install_base_item_sts_03.ins.sql
d8_install_base_item_sts_04.upd.sql
d8_install_base_item_sts_05.ins.sql
d8_install_base_item_sts_06.ins.sql
d8_install_base_item_sts_07.ins.sql
d8_es_slm_class_ld_1.ins.sql
d8_es_slm_class_t1.ins.sql
d8_es_slm_class_ld.ins.sql
d8_es_slm_class.ren.sql
d8_cfs_attribute_value_ld.ins.sql
d8_cfs_attribute_value_t1.ins.sql
d8_cfs_attribute_value_ld_1.ins.sql
d8_cfs_extended_attribute_ld.ins.sql
d8_cfs_extended_attribute_t1.ins.sql
d8_cfs_extended_attribute_ld_1.ins.sql
d8_install_base_item_ld.ins.sql
d8_install_base_item_01.ins.sql
d8_install_base_item_t1.upd.sql
d8_install_base_item_02.ins.sql
d8_install_base_item_03.ins.sql
d8_install_base_item_04.upd.sql
d8_install_base_item_05.ins.sql
d8_install_base_item_06.ins.sql
d8_install_base_item_07.ins.sql
d8_install_base_item_hist_ld.ins.sql
d8_install_base_item_hist_01.ins.sql
d8_install_base_item_hist_02.ins.sql
d8_install_base_item_hist_03.ins.sql
d8_install_base_item_hist_04.upd.sql
d8_install_base_item_hist_05.ins.sql
d8_install_base_item_hist_06.ins.sql
d8_install_base_item_hist_07.ins.sql
d8_install_base_dn_ld.ins.sql
d8_install_base_dn_01.ins.sql
d8_install_base_dn_02.ins.sql
d8_install_base_dn_03.ins.sql
d8_install_base_dn_04.ins.sql
d8_install_base_dn_05.ins.sql
d8_install_base_dn_06.ins.sql
d8_install_base_dn_07.ins.sql
d8_install_base_dn_08.ins.sql
d8_install_base_dn_09.ins.sql
d8_install_base_dn_10.ins.sql
d8_install_base_dn_11.ins.sql
d8_install_base_dn_12.ins.sql
d8_install_base_dn_13.ins.sql
d8_install_base_dn_14.ins.sql
d8_install_base_dn_15a.ins.sql
d8_install_base_dn_15b.ins.sql
d8_install_base_dn_16.ins.sql
d8_install_base_dn_17.ins.sql
d8_install_base_dn_18.ins.sql
d8_install_base_dn_19.ins.sql
d8_install_base_dn_20.ins.sql
d8_install_base_dn_21.ins.sql
d8_install_base_dn_22.ins.sql
d8_install_base_dn_23.ins.sql
d8_install_base_dn_24a.ins.sql
d8_install_base_dn_24b.ins.sql
d8_install_base_dn_25.ins.sql
d8_install_base_plg_dn_01.ins.sql
d8_install_base_plg_dn_02.ins.sql
d8_install_base_plg_dn_03.ins.sql
d8_install_base_plg_dn_04.ins.sql
d8_install_base_plg_dn_05.ins.sql
d8_install_base_plg_dn_06.ins.sql
d8_install_base_plg_dn_07a.ins.sql
d8_install_base_plg_dn_07b.ins.sql
d8_install_base_dn_26.ins.sql
d8_install_base_dn_27.ins.sql
d8_install_base_dn_28.ins.sql
d8_install_base_dn_29.ins.sql
d8_install_base_dn_ld_1.ins.sql
